// Vitest Snapshot v1, https://vitest.dev/guide/snapshot.html

exports[`REGISTRY > produces a stable summary snapshot 1`] = `
{
  "byCategory": {
    "compliance": 46,
    "cost": 6,
    "data-protection": 45,
    "identity": 25,
    "naming": 35,
    "network": 65,
    "observability": 18,
    "reliability": 46,
    "sovereignty": 7,
  },
  "bySeverity": {
    "error": 101,
    "info": 72,
    "warning": 120,
  },
  "bySource": {
    "ACSC Information Security Manual": 4,
    "AKS network best practices": 1,
    "AKS network policy best practices": 1,
    "App Service hosting plans overview": 1,
    "Architecture Best Practices for Azure Virtual Machines and Scale Sets": 1,
    "Australian Government Information Security Manual": 17,
    "Australian ISM": 1,
    "Authenticate with Azure Container Registry from AKS": 1,
    "Automatic instance repairs with Azure Virtual Machine Scale Sets": 2,
    "Azure App Service hosting plans": 1,
    "Azure Architecture Center AKS baseline architecture": 3,
    "Azure Container Registry SKUs": 1,
    "Azure Cosmos DB free tier": 1,
    "Azure Front Door service guide (Well-Architected Framework)": 1,
    "Azure Functions storage considerations": 1,
    "Azure Monitor alerts overview": 1,
    "Azure Monitor best practices for Kubernetes": 1,
    "Azure Naming Tool": 22,
    "Azure Policy built-ins": 24,
    "Azure Private Link FAQ": 9,
    "Azure Reliability — Availability zones overview": 1,
    "Azure Storage redundancy options": 1,
    "Azure resource name rules": 8,
    "Azure resource naming rules": 1,
    "Bicep types": 21,
    "Checkov": 32,
    "Checkov for Azure": 1,
    "Cloud Adoption Framework resource abbreviations": 1,
    "Cloud Adoption Framework resource naming": 1,
    "Configure data retention and archive in Azure Monitor Logs": 1,
    "Configure rolling upgrades on Virtual Machine Scale Sets": 1,
    "Cross-region replication in Azure": 1,
    "Customer-managed keys in Azure Monitor": 1,
    "Design a Log Analytics workspace architecture": 1,
    "Diagnostic settings in Azure Monitor": 1,
    "Distribute your data globally with Azure Cosmos DB": 1,
    "Enable monitoring for an Azure virtual machine scale set": 1,
    "Essential Eight Maturity Model": 8,
    "Front Door tier comparison": 1,
    "Manage Azure resource groups by using the Azure portal": 1,
    "Manage a private endpoint": 1,
    "Manage subnets in an Azure virtual network": 1,
    "Microsoft Cloud Security Benchmark v3": 3,
    "Microsoft Learn": 26,
    "Microsoft Learn — Azure App Service hosting plans": 1,
    "Microsoft Learn — Azure Architecture Center": 10,
    "Microsoft Learn — Azure Functions hosting options and scale": 1,
    "Microsoft.Compute/virtualMachineScaleSets ARM template reference": 1,
    "Microsoft.ContainerService/managedClusters ARM template reference": 1,
    "Monitor Azure App Service with Application Insights": 1,
    "Monitor Azure App Service with Application Insights and Azure Monitor": 1,
    "Observability in the Azure Well-Architected Framework": 1,
    "PSRule for Azure": 63,
    "Sampling in Application Insights": 1,
    "What is Azure Front Door?": 1,
    "Workspace-based Application Insights resources": 1,
  },
  "total": 293,
}
`;
